Array
(
    [addresses] => Array
        (
            [0] => ernestines 26 riga
            [1] => ernestines 13 riga
        )

    [action] => addresses
)
Array
(
    [addresses] => Array
        (
            [0] => ernestines 26 riga
            [1] => ernestines 13 riga
        )

    [action] => addresses
)
Array
(
    [addresses] => Array
        (
            [0] => ernestines 26 riga
            [1] => ernestines 13 riga
        )

    [action] => addresses
)
Array
(
    [addresses] => Array
        (
            [0] => ernestines 26 riga
            [1] => ernestines 13 riga
        )

    [action] => addresses
)
Array
(
    [addresses] => Array
        (
            [0] => ernestines 26 riga
            [1] => ernestines 13 riga
        )

    [action] => addresses
)
Array
(
    [addresses] => Array
        (
            [0] => ernestines 26 riga
            [1] => ernestines 13 riga
        )

    [action] => addresses
)
Array
(
    [addresses] => Array
        (
            [0] => ernestines 26 riga
            [1] => ernestines 13 riga
        )

    [action] => addresses
)
Array
(
    [addresses] => Array
        (
            [0] => ernestines 26 riga
            [1] => ernestines 13 riga
        )

    [action] => addresses
)
Array
(
    [addresses] => Array
        (
            [0] => ernestines 26 riga
            [1] => ernestines 13 riga
        )

    [action] => addresses
)
Array
(
    [addresses] => Array
        (
            [0] => ernestines 26 riga
            [1] => ernestines 13 riga
        )

    [action] => addresses
)
Array
(
    [addresses] => Array
        (
            [0] => ernestines 26 riga
            [1] => ernestines 13 riga
        )

    [action] => addresses
)
Array
(
    [addresses] => Array
        (
            [0] => ernestines 26 riga
            [1] => ernestines 13 riga
        )

    [action] => addresses
)
Array
(
    [addresses] => Array
        (
            [0] => ernestines 26 riga
            [1] => ernestines 13 riga
        )

    [action] => addresses
)
Array
(
    [addresses] => Array
        (
            [0] => ernestines 26 riga
            [1] => ernestines 13 riga
        )

    [action] => addresses
)
Array
(
    [addresses] => Array
        (
            [0] => ernestines 26 riga
            [1] => ernestines 13 riga
        )

    [action] => addresses
)
Array
(
    [addresses] => Array
        (
            [0] => ernestines 26 riga
            [1] => ernestines 13 riga
        )

    [action] => addresses
)
Array
(
    [addresses] => Array
        (
            [0] => ernestines 26 riga
            [1] => ernestines 13 riga
        )

    [action] => addresses
)
Array
(
    [addresses] => Array
        (
            [0] => ernestines 26 riga
            [1] => ernestines 13 riga
        )

    [action] => addresses
)
Array
(
    [addresses] => Array
        (
            [0] => ernestines 26 riga
            [1] => ernestines 13 riga
        )

    [action] => addresses
)
Array
(
    [addresses] => Array
        (
            [0] => ernestines 26 riga
            [1] => ernestines 13 riga
        )

    [action] => addresses
)
Array
(
    [addresses] => Array
        (
            [0] => ernestines 26 riga
            [1] => ernestines 13 riga
        )

    [action] => addresses
)
Array
(
    [addresses] => Array
        (
            [0] => ernestines 26 riga
            [1] => ernestines 13 riga
        )

    [action] => addresses
)
Array
(
    [addresses] => Array
        (
            [0] => ernestines 26 riga
            [1] => ernestines 13 riga
        )

    [action] => addresses
)
Array
(
    [addresses] => Array
        (
            [0] => ernestines 26 riga
            [1] => ernestines 13 riga
        )

    [action] => addresses
)
Array
(
    [addresses] => Array
        (
            [0] => ernestines 26 riga
            [1] => ernestines 13 riga
        )

    [action] => addresses
)
Array
(
    [addresses] => Array
        (
            [0] => ernestines 26 riga
            [1] => ernestines 13 riga
        )

    [action] => addresses
)
Array
(
    [addresses] => Array
        (
            [0] => ernestines 26 riga
            [1] => ernestines 13 riga
        )

    [action] => addresses
)
Array
(
    [addresses] => Array
        (
            [0] => ernestines 26 riga
            [1] => ernestines 13 riga
        )

    [action] => addresses
)
Array
(
    [addresses] => Array
        (
            [0] => ernestines 26 riga
            [1] => ernestines 13 riga
        )

    [action] => addresses
)
Array
(
    [addresses] => Array
        (
            [0] => ernestines 26 riga
            [1] => ernestines 13 riga
        )

    [action] => addresses
)
Array
(
    [addresses] => Array
        (
            [0] => ernestines 26 riga
            [1] => ernestines 13 riga
        )

    [action] => addresses
)
Array
(
    [addresses] => Array
        (
            [0] => ernestines 26 riga
            [1] => ernestines 13 riga
        )

    [action] => addresses
)
Array
(
    [addresses] => Array
        (
            [0] => ernestines 26 riga
            [1] => ernestines 13 riga
        )

    [action] => addresses
)
Array
(
    [addresses] => Array
        (
            [0] => ernestines 26 riga
            [1] => ernestines 13 riga
        )

    [action] => addresses
)
Array
(
    [addresses] => Array
        (
            [0] => ernestines 26 riga
            [1] => ernestines 13 riga
        )

    [action] => addresses
)
Array
(
    [addresses] => Array
        (
            [0] => ernestines 26 riga
            [1] => ernestines 13 riga
        )

    [action] => addresses
)
Array
(
    [addresses] => Array
        (
            [0] => ernestines 26 riga
            [1] => ernestines 13 riga
        )

    [action] => addresses
)
Array
(
    [addresses] => Array
        (
            [0] => ernestines 26 riga
            [1] => ernestines 13 riga
        )

    [action] => addresses
)
Array
(
    [addresses] => Array
        (
            [0] => ernestines 26 riga
            [1] => ernestines 13 riga
        )

    [action] => addresses
)
Array
(
    [addresses] => Array
        (
            [0] => ernestines 26 riga
            [1] => ernestines 13 riga
        )

    [action] => addresses
)
Array
(
    [addresses] => Array
        (
            [0] => ernestines 26 riga
            [1] => ernestines 13 riga
        )

    [action] => addresses
)
Array
(
    [addresses] => Array
        (
            [0] => ernestines 26 riga
            [1] => ernestines 13 riga
        )

    [action] => addresses
)
Array
(
    [addresses] => Array
        (
            [0] => ernestines 26 riga
            [1] => ernestines 13 riga
        )

    [action] => addresses
)
Array
(
    [addresses] => Array
        (
            [0] => ernestines 26 riga
            [1] => ernestines 13 riga
        )

    [action] => addresses
)
Array
(
    [addresses] => Array
        (
            [0] => ernestines 26 riga
            [1] => ernestines 13 riga
        )

    [action] => addresses
)
Array
(
    [addresses] => Array
        (
            [0] => ernestines 26 riga
            [1] => ernestines 13 riga
        )

    [action] => addresses
)
Array
(
    [addresses] => Array
        (
            [0] => ernestines 26 riga
            [1] => ernestines 13 riga
        )

    [action] => addresses
)
Array
(
    [addresses] => Array
        (
            [0] => ernestines 26 riga
            [1] => ernestines 13 riga
        )

    [action] => addresses
)
Array
(
    [addresses] => Array
        (
            [0] => ernestines 26 riga
            [1] => ernestines 13 riga
        )

    [action] => addresses
)
Array
(
    [addresses] => Array
        (
            [0] => ernestines 26 riga
            [1] => ernestines 13 riga
        )

    [action] => addresses
)
Array
(
    [addresses] => Array
        (
            [0] => ernestines 26 riga
            [1] => ernestines 13 riga
        )

    [action] => addresses
)
Array
(
    [addresses] => Array
        (
            [0] => ernestines 26 riga
            [1] => ernestines 13 riga
        )

    [action] => addresses
)
